// Jest Snapshot v1, https://goo.gl/fbAQLP

exports[`<OrderItemsList/> renders and matches snapshot 1`] = `
<div
  className="sc-AxheI fDWYuG"
  data-test="ordered-items-list"
>
  <InnerPagination
    connectionType="orderItemsConnection"
    perPage={2}
    query={
      Object {
        "definitions": Array [
          Object {
            "directives": Array [],
            "kind": "OperationDefinition",
            "name": Object {
              "kind": "Name",
              "value": "ALL_USER_ORDERITEMS_PAGINATION",
            },
            "operation": "query",
            "selectionSet": Object {
              "kind": "SelectionSet",
              "selections": Array [
                Object {
                  "alias": undefined,
                  "arguments": Array [
                    Object {
                      "kind": "Argument",
                      "name": Object {
                        "kind": "Name",
                        "value": "where",
                      },
                      "value": Object {
                        "fields": Array [
                          Object {
                            "kind": "ObjectField",
                            "name": Object {
                              "kind": "Name",
                              "value": "user",
                            },
                            "value": Object {
                              "fields": Array [
                                Object {
                                  "kind": "ObjectField",
                                  "name": Object {
                                    "kind": "Name",
                                    "value": "id",
                                  },
                                  "value": Object {
                                    "kind": "Variable",
                                    "name": Object {
                                      "kind": "Name",
                                      "value": "userId",
                                    },
                                  },
                                },
                              ],
                              "kind": "ObjectValue",
                            },
                          },
                        ],
                        "kind": "ObjectValue",
                      },
                    },
                  ],
                  "directives": Array [],
                  "kind": "Field",
                  "name": Object {
                    "kind": "Name",
                    "value": "orderItemsConnection",
                  },
                  "selectionSet": Object {
                    "kind": "SelectionSet",
                    "selections": Array [
                      Object {
                        "alias": undefined,
                        "arguments": Array [],
                        "directives": Array [],
                        "kind": "Field",
                        "name": Object {
                          "kind": "Name",
                          "value": "aggregate",
                        },
                        "selectionSet": Object {
                          "kind": "SelectionSet",
                          "selections": Array [
                            Object {
                              "alias": undefined,
                              "arguments": Array [],
                              "directives": Array [],
                              "kind": "Field",
                              "name": Object {
                                "kind": "Name",
                                "value": "count",
                              },
                              "selectionSet": undefined,
                            },
                          ],
                        },
                      },
                    ],
                  },
                },
              ],
            },
            "variableDefinitions": Array [
              Object {
                "defaultValue": undefined,
                "directives": Array [],
                "kind": "VariableDefinition",
                "type": Object {
                  "kind": "NonNullType",
                  "type": Object {
                    "kind": "NamedType",
                    "name": Object {
                      "kind": "Name",
                      "value": "ID",
                    },
                  },
                },
                "variable": Object {
                  "kind": "Variable",
                  "name": Object {
                    "kind": "Name",
                    "value": "userId",
                  },
                },
              },
            ],
          },
        ],
        "kind": "Document",
        "loc": Object {
          "end": 167,
          "start": 0,
        },
      }
    }
    variableName="userId"
    variableValue="4234"
  >
    <Query
      query={
        Object {
          "definitions": Array [
            Object {
              "directives": Array [],
              "kind": "OperationDefinition",
              "name": Object {
                "kind": "Name",
                "value": "ALL_USER_ORDERITEMS_PAGINATION",
              },
              "operation": "query",
              "selectionSet": Object {
                "kind": "SelectionSet",
                "selections": Array [
                  Object {
                    "alias": undefined,
                    "arguments": Array [
                      Object {
                        "kind": "Argument",
                        "name": Object {
                          "kind": "Name",
                          "value": "where",
                        },
                        "value": Object {
                          "fields": Array [
                            Object {
                              "kind": "ObjectField",
                              "name": Object {
                                "kind": "Name",
                                "value": "user",
                              },
                              "value": Object {
                                "fields": Array [
                                  Object {
                                    "kind": "ObjectField",
                                    "name": Object {
                                      "kind": "Name",
                                      "value": "id",
                                    },
                                    "value": Object {
                                      "kind": "Variable",
                                      "name": Object {
                                        "kind": "Name",
                                        "value": "userId",
                                      },
                                    },
                                  },
                                ],
                                "kind": "ObjectValue",
                              },
                            },
                          ],
                          "kind": "ObjectValue",
                        },
                      },
                    ],
                    "directives": Array [],
                    "kind": "Field",
                    "name": Object {
                      "kind": "Name",
                      "value": "orderItemsConnection",
                    },
                    "selectionSet": Object {
                      "kind": "SelectionSet",
                      "selections": Array [
                        Object {
                          "alias": undefined,
                          "arguments": Array [],
                          "directives": Array [],
                          "kind": "Field",
                          "name": Object {
                            "kind": "Name",
                            "value": "aggregate",
                          },
                          "selectionSet": Object {
                            "kind": "SelectionSet",
                            "selections": Array [
                              Object {
                                "alias": undefined,
                                "arguments": Array [],
                                "directives": Array [],
                                "kind": "Field",
                                "name": Object {
                                  "kind": "Name",
                                  "value": "count",
                                },
                                "selectionSet": undefined,
                              },
                            ],
                          },
                        },
                      ],
                    },
                  },
                ],
              },
              "variableDefinitions": Array [
                Object {
                  "defaultValue": undefined,
                  "directives": Array [],
                  "kind": "VariableDefinition",
                  "type": Object {
                    "kind": "NonNullType",
                    "type": Object {
                      "kind": "NamedType",
                      "name": Object {
                        "kind": "Name",
                        "value": "ID",
                      },
                    },
                  },
                  "variable": Object {
                    "kind": "Variable",
                    "name": Object {
                      "kind": "Name",
                      "value": "userId",
                    },
                  },
                },
              ],
            },
          ],
          "kind": "Document",
          "loc": Object {
            "end": 167,
            "start": 0,
          },
        }
      }
      variables={
        Object {
          "userId": "4234",
        }
      }
    >
      <styled.div>
        <div
          className="sc-AxjAm ilmHZU"
        >
          <a
            aria-disabled={true}
            onClick={[Function]}
          >
            ← Prev
          </a>
          <p>
            Page 
            1
             of 
            4
          </p>
          <p>
            7
             Total
          </p>
          <a
            aria-disabled={false}
            onClick={[Function]}
          >
            Next →
          </a>
        </div>
      </styled.div>
      <Query
        query={
          Object {
            "definitions": Array [
              Object {
                "directives": Array [],
                "kind": "OperationDefinition",
                "name": Object {
                  "kind": "Name",
                  "value": "FETCH_USER_ORDERITEMS",
                },
                "operation": "query",
                "selectionSet": Object {
                  "kind": "SelectionSet",
                  "selections": Array [
                    Object {
                      "alias": undefined,
                      "arguments": Array [
                        Object {
                          "kind": "Argument",
                          "name": Object {
                            "kind": "Name",
                            "value": "first",
                          },
                          "value": Object {
                            "kind": "Variable",
                            "name": Object {
                              "kind": "Name",
                              "value": "first",
                            },
                          },
                        },
                        Object {
                          "kind": "Argument",
                          "name": Object {
                            "kind": "Name",
                            "value": "skip",
                          },
                          "value": Object {
                            "kind": "Variable",
                            "name": Object {
                              "kind": "Name",
                              "value": "skip",
                            },
                          },
                        },
                        Object {
                          "kind": "Argument",
                          "name": Object {
                            "kind": "Name",
                            "value": "orderBy",
                          },
                          "value": Object {
                            "kind": "EnumValue",
                            "value": "createdAt_DESC",
                          },
                        },
                      ],
                      "directives": Array [],
                      "kind": "Field",
                      "name": Object {
                        "kind": "Name",
                        "value": "myOrderItems",
                      },
                      "selectionSet": Object {
                        "kind": "SelectionSet",
                        "selections": Array [
                          Object {
                            "alias": undefined,
                            "arguments": Array [],
                            "directives": Array [],
                            "kind": "Field",
                            "name": Object {
                              "kind": "Name",
                              "value": "id",
                            },
                            "selectionSet": undefined,
                          },
                          Object {
                            "alias": undefined,
                            "arguments": Array [],
                            "directives": Array [],
                            "kind": "Field",
                            "name": Object {
                              "kind": "Name",
                              "value": "name",
                            },
                            "selectionSet": undefined,
                          },
                          Object {
                            "alias": undefined,
                            "arguments": Array [],
                            "directives": Array [],
                            "kind": "Field",
                            "name": Object {
                              "kind": "Name",
                              "value": "price",
                            },
                            "selectionSet": undefined,
                          },
                          Object {
                            "alias": undefined,
                            "arguments": Array [],
                            "directives": Array [],
                            "kind": "Field",
                            "name": Object {
                              "kind": "Name",
                              "value": "count",
                            },
                            "selectionSet": undefined,
                          },
                          Object {
                            "alias": undefined,
                            "arguments": Array [],
                            "directives": Array [],
                            "kind": "Field",
                            "name": Object {
                              "kind": "Name",
                              "value": "image",
                            },
                            "selectionSet": undefined,
                          },
                          Object {
                            "alias": undefined,
                            "arguments": Array [],
                            "directives": Array [],
                            "kind": "Field",
                            "name": Object {
                              "kind": "Name",
                              "value": "reviewed",
                            },
                            "selectionSet": Object {
                              "kind": "SelectionSet",
                              "selections": Array [
                                Object {
                                  "alias": undefined,
                                  "arguments": Array [],
                                  "directives": Array [],
                                  "kind": "Field",
                                  "name": Object {
                                    "kind": "Name",
                                    "value": "id",
                                  },
                                  "selectionSet": undefined,
                                },
                              ],
                            },
                          },
                          Object {
                            "alias": undefined,
                            "arguments": Array [],
                            "directives": Array [],
                            "kind": "Field",
                            "name": Object {
                              "kind": "Name",
                              "value": "product",
                            },
                            "selectionSet": Object {
                              "kind": "SelectionSet",
                              "selections": Array [
                                Object {
                                  "alias": undefined,
                                  "arguments": Array [],
                                  "directives": Array [],
                                  "kind": "Field",
                                  "name": Object {
                                    "kind": "Name",
                                    "value": "id",
                                  },
                                  "selectionSet": undefined,
                                },
                                Object {
                                  "alias": undefined,
                                  "arguments": Array [],
                                  "directives": Array [],
                                  "kind": "Field",
                                  "name": Object {
                                    "kind": "Name",
                                    "value": "name",
                                  },
                                  "selectionSet": undefined,
                                },
                                Object {
                                  "alias": undefined,
                                  "arguments": Array [],
                                  "directives": Array [],
                                  "kind": "Field",
                                  "name": Object {
                                    "kind": "Name",
                                    "value": "seller",
                                  },
                                  "selectionSet": Object {
                                    "kind": "SelectionSet",
                                    "selections": Array [
                                      Object {
                                        "alias": undefined,
                                        "arguments": Array [],
                                        "directives": Array [],
                                        "kind": "Field",
                                        "name": Object {
                                          "kind": "Name",
                                          "value": "id",
                                        },
                                        "selectionSet": undefined,
                                      },
                                      Object {
                                        "alias": undefined,
                                        "arguments": Array [],
                                        "directives": Array [],
                                        "kind": "Field",
                                        "name": Object {
                                          "kind": "Name",
                                          "value": "name",
                                        },
                                        "selectionSet": undefined,
                                      },
                                    ],
                                  },
                                },
                              ],
                            },
                          },
                          Object {
                            "alias": undefined,
                            "arguments": Array [],
                            "directives": Array [],
                            "kind": "Field",
                            "name": Object {
                              "kind": "Name",
                              "value": "order",
                            },
                            "selectionSet": Object {
                              "kind": "SelectionSet",
                              "selections": Array [
                                Object {
                                  "alias": undefined,
                                  "arguments": Array [],
                                  "directives": Array [],
                                  "kind": "Field",
                                  "name": Object {
                                    "kind": "Name",
                                    "value": "id",
                                  },
                                  "selectionSet": undefined,
                                },
                                Object {
                                  "alias": undefined,
                                  "arguments": Array [],
                                  "directives": Array [],
                                  "kind": "Field",
                                  "name": Object {
                                    "kind": "Name",
                                    "value": "finishedAt",
                                  },
                                  "selectionSet": undefined,
                                },
                              ],
                            },
                          },
                        ],
                      },
                    },
                  ],
                },
                "variableDefinitions": Array [
                  Object {
                    "defaultValue": Object {
                      "kind": "IntValue",
                      "value": "0",
                    },
                    "directives": Array [],
                    "kind": "VariableDefinition",
                    "type": Object {
                      "kind": "NamedType",
                      "name": Object {
                        "kind": "Name",
                        "value": "Int",
                      },
                    },
                    "variable": Object {
                      "kind": "Variable",
                      "name": Object {
                        "kind": "Name",
                        "value": "skip",
                      },
                    },
                  },
                  Object {
                    "defaultValue": Object {
                      "kind": "IntValue",
                      "value": "2",
                    },
                    "directives": Array [],
                    "kind": "VariableDefinition",
                    "type": Object {
                      "kind": "NamedType",
                      "name": Object {
                        "kind": "Name",
                        "value": "Int",
                      },
                    },
                    "variable": Object {
                      "kind": "Variable",
                      "name": Object {
                        "kind": "Name",
                        "value": "first",
                      },
                    },
                  },
                ],
              },
            ],
            "kind": "Document",
            "loc": Object {
              "end": 380,
              "start": 0,
            },
          }
        }
        variables={
          Object {
            "first": 2,
            "skip": 0,
          }
        }
      >
        <SingleOrderItem
          item={
            Object {
              "__typename": "OrderItem",
              "count": 2,
              "id": "123asd",
              "image": "",
              "name": "fake order item 0",
              "order": Object {
                "__typename": "Order",
                "finishedAt": "2020-09-02T02:34:55.835Z",
                "id": "asdfg",
              },
              "price": 10,
              "product": Object {
                "__typename": "Product",
                "id": "456w",
                "name": "fake order item 0",
                "seller": Object {
                  "__typename": "Seller",
                  "id": "zxcv",
                  "name": "EbayTest",
                },
              },
              "reviewed": null,
            }
          }
          key="123asd"
        >
          <styled.div
            data-test="single-order-item"
            key="123asd"
          >
            <div
              className="sc-AxirZ futyRa"
              data-test="single-order-item"
            >
              <img
                alt="fake order item 0"
                src="https://res.cloudinary.com/di0hg10hd/image/upload/v1594237808/sickfits/n0t4uceatjy5jdoee9p0.png"
              />
              <div>
                <div>
                  <Link
                    to="/item/456w"
                  >
                    <LinkAnchor
                      href="/item/456w"
                      navigate={[Function]}
                    >
                      <a
                        href="/item/456w"
                        onClick={[Function]}
                      >
                        <h3>
                          fake order item 0
                           
                        </h3>
                      </a>
                    </LinkAnchor>
                  </Link>
                  <hr />
                  <p>
                    Qty: 
                    <span>
                      2
                    </span>
                  </p>
                  <p>
                    Each: 
                    <span>
                      $
                      0.1
                    </span>
                  </p>
                  <p>
                    SubTotal: 
                    <span>
                      $ 
                      0.2
                    </span>
                  </p>
                  <p>
                    Sold By:
                     
                    <span>
                      <Link
                        to="/seller/zxcv"
                      >
                        <LinkAnchor
                          href="/seller/zxcv"
                          navigate={[Function]}
                        >
                          <a
                            href="/seller/zxcv"
                            onClick={[Function]}
                          >
                            EbayTest
                          </a>
                        </LinkAnchor>
                      </Link>
                    </span>
                  </p>
                </div>
                <Link
                  to={
                    Object {
                      "pathname": "/item/456w/fake order item 0/review/false",
                    }
                  }
                >
                  <LinkAnchor
                    href="/item/456w/fake order item 0/review/false"
                    navigate={[Function]}
                  >
                    <a
                      href="/item/456w/fake order item 0/review/false"
                      onClick={[Function]}
                    >
                      <styled.button>
                        <button
                          className="sc-AxiKw kVNIMs"
                        >
                          Write review
                        </button>
                      </styled.button>
                    </a>
                  </LinkAnchor>
                </Link>
              </div>
            </div>
          </styled.div>
        </SingleOrderItem>
        <SingleOrderItem
          item={
            Object {
              "__typename": "OrderItem",
              "count": 3,
              "id": "123vbn",
              "image": "",
              "name": "fake order item 1",
              "order": Object {
                "__typename": "Order",
                "finishedAt": "2020-09-02T02:34:55.835Z",
                "id": "asdfgsss",
              },
              "price": 10,
              "product": Object {
                "__typename": "Product",
                "id": "456",
                "name": "fake order item 1",
                "seller": Object {
                  "__typename": "Seller",
                  "id": "zxcv123",
                  "name": "AmazonTest",
                },
              },
              "reviewed": null,
            }
          }
          key="123vbn"
        >
          <styled.div
            data-test="single-order-item"
            key="123vbn"
          >
            <div
              className="sc-AxirZ futyRa"
              data-test="single-order-item"
            >
              <img
                alt="fake order item 1"
                src="https://res.cloudinary.com/di0hg10hd/image/upload/v1594237808/sickfits/n0t4uceatjy5jdoee9p0.png"
              />
              <div>
                <div>
                  <Link
                    to="/item/456"
                  >
                    <LinkAnchor
                      href="/item/456"
                      navigate={[Function]}
                    >
                      <a
                        href="/item/456"
                        onClick={[Function]}
                      >
                        <h3>
                          fake order item 1
                           
                        </h3>
                      </a>
                    </LinkAnchor>
                  </Link>
                  <hr />
                  <p>
                    Qty: 
                    <span>
                      3
                    </span>
                  </p>
                  <p>
                    Each: 
                    <span>
                      $
                      0.1
                    </span>
                  </p>
                  <p>
                    SubTotal: 
                    <span>
                      $ 
                      0.3
                    </span>
                  </p>
                  <p>
                    Sold By:
                     
                    <span>
                      <Link
                        to="/seller/zxcv123"
                      >
                        <LinkAnchor
                          href="/seller/zxcv123"
                          navigate={[Function]}
                        >
                          <a
                            href="/seller/zxcv123"
                            onClick={[Function]}
                          >
                            AmazonTest
                          </a>
                        </LinkAnchor>
                      </Link>
                    </span>
                  </p>
                </div>
                <Link
                  to={
                    Object {
                      "pathname": "/item/456/fake order item 1/review/false",
                    }
                  }
                >
                  <LinkAnchor
                    href="/item/456/fake order item 1/review/false"
                    navigate={[Function]}
                  >
                    <a
                      href="/item/456/fake order item 1/review/false"
                      onClick={[Function]}
                    >
                      <styled.button>
                        <button
                          className="sc-AxiKw kVNIMs"
                        >
                          Write review
                        </button>
                      </styled.button>
                    </a>
                  </LinkAnchor>
                </Link>
              </div>
            </div>
          </styled.div>
        </SingleOrderItem>
      </Query>
    </Query>
  </InnerPagination>
</div>
`;
